15:11:40 **** Build of project fsbl_bsp ****
make -k all 
libgen -hw ../hw_platform_0/system.xml\
	       \
	       -pe ps7_cortexa9_0 \
	       -log libgen.log \
	       system.mss
libgen
Xilinx EDK 2013.4 Build EDK_2013.4.20131205
Copyright (c) 1995-2012 Xilinx, Inc.  All rights reserved.

Command Line: libgen -hw ../hw_platform_0/system.xml -pe ps7_cortexa9_0 -log
libgen.log system.mss 


Staging source files.
Running DRCs.
Running generate.
Running post_generate.
Running include - 'make -s include "COMPILER=arm-xilinx-eabi-gcc"
"ARCHIVER=arm-xilinx-eabi-ar" "COMPILER_FLAGS= -O2 -c"
"EXTRA_COMPILER_FLAGS=-g"'.

Running libs - 'make -s libs "COMPILER=arm-xilinx-eabi-gcc"
"ARCHIVER=arm-xilinx-eabi-ar" "COMPILER_FLAGS= -O2 -c"
"EXTRA_COMPILER_FLAGS=-g"'.
Compiling common
e:\Xilinx\SDK\2013.4\gnu\arm\nt\bin\arm-xilinx-eabi-ar.exe: creating ../../../lib/libxil.a
Compiling standalone
Compiling XilFFs Library
Creating archive libxilffs.a
Compiling gpio
Compiling axivdma
Compiling devcfg
Compiling dmaps
Compiling emacps
Compiling iicps
Compiling qspips
Compiling scugic
Compiling scutimer
Compiling scuwdt
Compiling sdps
Compiling uartps
Compiling usbps
Compiling xadcps
Compiling cpu_cortexa9
Running execs_generate.
Finished building libraries
15:12:04 **** Build of configuration Debug for project fsbl ****
make all 
Building file: ../src/ddr_init.c
Invoking: ARM gcc compiler
arm-xilinx-eabi-gcc -Wall -O0 -g3 -c -fmessage-length=0 -I../../fsbl_bsp/ps7_cortexa9_0/include -MMD -MP -MF"src/ddr_init.d" -MT"src/ddr_init.d" -o "src/ddr_init.o" "../src/ddr_init.c"
Finished building: ../src/ddr_init.c
 
Building file: ../src/fsbl_handoff.S
Invoking: ARM gcc compiler
arm-xilinx-eabi-gcc -Wall -O0 -g3 -c -fmessage-length=0 -I../../fsbl_bsp/ps7_cortexa9_0/include -MMD -MP -MF"src/fsbl_handoff.d" -MT"src/fsbl_handoff.d" -o "src/fsbl_handoff.o" "../src/fsbl_handoff.S"
Finished building: ../src/fsbl_handoff.S
 
Building file: ../src/fsbl_hooks.c
Invoking: ARM gcc compiler
arm-xilinx-eabi-gcc -Wall -O0 -g3 -c -fmessage-length=0 -I../../fsbl_bsp/ps7_cortexa9_0/include -MMD -MP -MF"src/fsbl_hooks.d" -MT"src/fsbl_hooks.d" -o "src/fsbl_hooks.o" "../src/fsbl_hooks.c"
Finished building: ../src/fsbl_hooks.c
 
Building file: ../src/image_mover.c
Invoking: ARM gcc compiler
arm-xilinx-eabi-gcc -Wall -O0 -g3 -c -fmessage-length=0 -I../../fsbl_bsp/ps7_cortexa9_0/include -MMD -MP -MF"src/image_mover.d" -MT"src/image_mover.d" -o "src/image_mover.o" "../src/image_mover.c"
Finished building: ../src/image_mover.c
 
Building file: ../src/main.c
Invoking: ARM gcc compiler
arm-xilinx-eabi-gcc -Wall -O0 -g3 -c -fmessage-length=0 -I../../fsbl_bsp/ps7_cortexa9_0/include -MMD -MP -MF"src/main.d" -MT"src/main.d" -o "src/main.o" "../src/main.c"
Finished building: ../src/main.c
 
Building file: ../src/md5.c
Invoking: ARM gcc compiler
arm-xilinx-eabi-gcc -Wall -O0 -g3 -c -fmessage-length=0 -I../../fsbl_bsp/ps7_cortexa9_0/include -MMD -MP -MF"src/md5.d" -MT"src/md5.d" -o "src/md5.o" "../src/md5.c"
Finished building: ../src/md5.c
 
Building file: ../src/nand.c
Invoking: ARM gcc compiler
arm-xilinx-eabi-gcc -Wall -O0 -g3 -c -fmessage-length=0 -I../../fsbl_bsp/ps7_cortexa9_0/include -MMD -MP -MF"src/nand.d" -MT"src/nand.d" -o "src/nand.o" "../src/nand.c"
Finished building: ../src/nand.c
 
Building file: ../src/nor.c
Invoking: ARM gcc compiler
arm-xilinx-eabi-gcc -Wall -O0 -g3 -c -fmessage-length=0 -I../../fsbl_bsp/ps7_cortexa9_0/include -MMD -MP -MF"src/nor.d" -MT"src/nor.d" -o "src/nor.o" "../src/nor.c"
Finished building: ../src/nor.c
 
Building file: ../src/pcap.c
Invoking: ARM gcc compiler
arm-xilinx-eabi-gcc -Wall -O0 -g3 -c -fmessage-length=0 -I../../fsbl_bsp/ps7_cortexa9_0/include -MMD -MP -MF"src/pcap.d" -MT"src/pcap.d" -o "src/pcap.o" "../src/pcap.c"
Finished building: ../src/pcap.c
 
Building file: ../src/ps7_init.c
Invoking: ARM gcc compiler
arm-xilinx-eabi-gcc -Wall -O0 -g3 -c -fmessage-length=0 -I../../fsbl_bsp/ps7_cortexa9_0/include -MMD -MP -MF"src/ps7_init.d" -MT"src/ps7_init.d" -o "src/ps7_init.o" "../src/ps7_init.c"
Finished building: ../src/ps7_init.c
 
Building file: ../src/qspi.c
Invoking: ARM gcc compiler
arm-xilinx-eabi-gcc -Wall -O0 -g3 -c -fmessage-length=0 -I../../fsbl_bsp/ps7_cortexa9_0/include -MMD -MP -MF"src/qspi.d" -MT"src/qspi.d" -o "src/qspi.o" "../src/qspi.c"
Finished building: ../src/qspi.c
 
Building file: ../src/rsa.c
Invoking: ARM gcc compiler
arm-xilinx-eabi-gcc -Wall -O0 -g3 -c -fmessage-length=0 -I../../fsbl_bsp/ps7_cortexa9_0/include -MMD -MP -MF"src/rsa.d" -MT"src/rsa.d" -o "src/rsa.o" "../src/rsa.c"
Finished building: ../src/rsa.c
 
Building file: ../src/sd.c
Invoking: ARM gcc compiler
arm-xilinx-eabi-gcc -Wall -O0 -g3 -c -fmessage-length=0 -I../../fsbl_bsp/ps7_cortexa9_0/include -MMD -MP -MF"src/sd.d" -MT"src/sd.d" -o "src/sd.o" "../src/sd.c"
Finished building: ../src/sd.c
 
Building target: fsbl.elf
Invoking: ARM gcc linker
arm-xilinx-eabi-gcc -L"E:\zybo_base_system\source\vivado\hw\zybo_bsd\zybo_bsd.sdk\SDK\SDK_Export\fsbl\src" -Wl,-T -Wl,../src/lscript.ld -L../../fsbl_bsp/ps7_cortexa9_0/lib -o "fsbl.elf"  ./src/ddr_init.o ./src/fsbl_handoff.o ./src/fsbl_hooks.o ./src/image_mover.o ./src/main.o ./src/md5.o ./src/nand.o ./src/nor.o ./src/pcap.o ./src/ps7_init.o ./src/qspi.o ./src/rsa.o ./src/sd.o   -lrsa -Wl,--start-group,-lxil,-lgcc,-lc,--end-group -Wl,--start-group,-lxilffs,-lxil,-lgcc,-lc,--end-group
Finished building target: fsbl.elf
 
Invoking: ARM Print Size
arm-xilinx-eabi-size fsbl.elf  |tee "fsbl.elf.size"
   text	   data	    bss	    dec	    hex	filename
  70440	  10964	  73316	 154720	  25c60	fsbl.elf
Finished building: fsbl.elf.size
 
14:35:17 **** Auto Build of project fsbl_bsp ****
make -k all 
Finished building libraries
14:35:19 **** Clean-only build of configuration Debug for project fsbl ****
make clean 
rm -rf  ./src/ddr_init.o ./src/fsbl_handoff.o ./src/fsbl_hooks.o ./src/image_mover.o ./src/main.o ./src/md5.o ./src/nand.o ./src/nor.o ./src/pcap.o ./src/ps7_init.o ./src/qspi.o ./src/rsa.o ./src/sd.o  ./src/ddr_init.d ./src/fsbl_hooks.d ./src/image_mover.d ./src/main.d ./src/md5.d ./src/nand.d ./src/nor.d ./src/pcap.d ./src/ps7_init.d ./src/qspi.d ./src/rsa.d ./src/sd.d  fsbl.elf.size  ./src/fsbl_handoff.d  fsbl.elf
 
14:35:19 **** Auto Build of configuration Debug for project fsbl ****
make all 
Building file: ../src/ddr_init.c
Invoking: ARM gcc compiler
arm-xilinx-eabi-gcc -Wall -O0 -g3 -c -fmessage-length=0 -I../../fsbl_bsp/ps7_cortexa9_0/include -MMD -MP -MF"src/ddr_init.d" -MT"src/ddr_init.d" -o "src/ddr_init.o" "../src/ddr_init.c"
Finished building: ../src/ddr_init.c
 
Building file: ../src/fsbl_handoff.S
Invoking: ARM gcc compiler
arm-xilinx-eabi-gcc -Wall -O0 -g3 -c -fmessage-length=0 -I../../fsbl_bsp/ps7_cortexa9_0/include -MMD -MP -MF"src/fsbl_handoff.d" -MT"src/fsbl_handoff.d" -o "src/fsbl_handoff.o" "../src/fsbl_handoff.S"
Finished building: ../src/fsbl_handoff.S
 
Building file: ../src/fsbl_hooks.c
Invoking: ARM gcc compiler
arm-xilinx-eabi-gcc -Wall -O0 -g3 -c -fmessage-length=0 -I../../fsbl_bsp/ps7_cortexa9_0/include -MMD -MP -MF"src/fsbl_hooks.d" -MT"src/fsbl_hooks.d" -o "src/fsbl_hooks.o" "../src/fsbl_hooks.c"
Finished building: ../src/fsbl_hooks.c
 
Building file: ../src/image_mover.c
Invoking: ARM gcc compiler
arm-xilinx-eabi-gcc -Wall -O0 -g3 -c -fmessage-length=0 -I../../fsbl_bsp/ps7_cortexa9_0/include -MMD -MP -MF"src/image_mover.d" -MT"src/image_mover.d" -o "src/image_mover.o" "../src/image_mover.c"
Finished building: ../src/image_mover.c
 
Building file: ../src/main.c
Invoking: ARM gcc compiler
arm-xilinx-eabi-gcc -Wall -O0 -g3 -c -fmessage-length=0 -I../../fsbl_bsp/ps7_cortexa9_0/include -MMD -MP -MF"src/main.d" -MT"src/main.d" -o "src/main.o" "../src/main.c"
Finished building: ../src/main.c
 
Building file: ../src/md5.c
Invoking: ARM gcc compiler
arm-xilinx-eabi-gcc -Wall -O0 -g3 -c -fmessage-length=0 -I../../fsbl_bsp/ps7_cortexa9_0/include -MMD -MP -MF"src/md5.d" -MT"src/md5.d" -o "src/md5.o" "../src/md5.c"
Finished building: ../src/md5.c
 
Building file: ../src/nand.c
Invoking: ARM gcc compiler
arm-xilinx-eabi-gcc -Wall -O0 -g3 -c -fmessage-length=0 -I../../fsbl_bsp/ps7_cortexa9_0/include -MMD -MP -MF"src/nand.d" -MT"src/nand.d" -o "src/nand.o" "../src/nand.c"
Finished building: ../src/nand.c
 
Building file: ../src/nor.c
Invoking: ARM gcc compiler
arm-xilinx-eabi-gcc -Wall -O0 -g3 -c -fmessage-length=0 -I../../fsbl_bsp/ps7_cortexa9_0/include -MMD -MP -MF"src/nor.d" -MT"src/nor.d" -o "src/nor.o" "../src/nor.c"
Finished building: ../src/nor.c
 
Building file: ../src/pcap.c
Invoking: ARM gcc compiler
arm-xilinx-eabi-gcc -Wall -O0 -g3 -c -fmessage-length=0 -I../../fsbl_bsp/ps7_cortexa9_0/include -MMD -MP -MF"src/pcap.d" -MT"src/pcap.d" -o "src/pcap.o" "../src/pcap.c"
Finished building: ../src/pcap.c
 
Building file: ../src/ps7_init.c
Invoking: ARM gcc compiler
arm-xilinx-eabi-gcc -Wall -O0 -g3 -c -fmessage-length=0 -I../../fsbl_bsp/ps7_cortexa9_0/include -MMD -MP -MF"src/ps7_init.d" -MT"src/ps7_init.d" -o "src/ps7_init.o" "../src/ps7_init.c"
Finished building: ../src/ps7_init.c
 
Building file: ../src/qspi.c
Invoking: ARM gcc compiler
arm-xilinx-eabi-gcc -Wall -O0 -g3 -c -fmessage-length=0 -I../../fsbl_bsp/ps7_cortexa9_0/include -MMD -MP -MF"src/qspi.d" -MT"src/qspi.d" -o "src/qspi.o" "../src/qspi.c"
Finished building: ../src/qspi.c
 
Building file: ../src/rsa.c
Invoking: ARM gcc compiler
arm-xilinx-eabi-gcc -Wall -O0 -g3 -c -fmessage-length=0 -I../../fsbl_bsp/ps7_cortexa9_0/include -MMD -MP -MF"src/rsa.d" -MT"src/rsa.d" -o "src/rsa.o" "../src/rsa.c"
Finished building: ../src/rsa.c
 
Building file: ../src/sd.c
Invoking: ARM gcc compiler
arm-xilinx-eabi-gcc -Wall -O0 -g3 -c -fmessage-length=0 -I../../fsbl_bsp/ps7_cortexa9_0/include -MMD -MP -MF"src/sd.d" -MT"src/sd.d" -o "src/sd.o" "../src/sd.c"
Finished building: ../src/sd.c
 
Building target: fsbl.elf
Invoking: ARM gcc linker
arm-xilinx-eabi-gcc -L"E:\zybo_base_system3\project_2\project_2.sdk\SDK\SDK_Export\fsbl\src" -Wl,-T -Wl,../src/lscript.ld -L../../fsbl_bsp/ps7_cortexa9_0/lib -o "fsbl.elf"  ./src/ddr_init.o ./src/fsbl_handoff.o ./src/fsbl_hooks.o ./src/image_mover.o ./src/main.o ./src/md5.o ./src/nand.o ./src/nor.o ./src/pcap.o ./src/ps7_init.o ./src/qspi.o ./src/rsa.o ./src/sd.o   -lrsa -Wl,--start-group,-lxil,-lgcc,-lc,--end-group -Wl,--start-group,-lxilffs,-lxil,-lgcc,-lc,--end-group
Finished building target: fsbl.elf
 
Invoking: ARM Print Size
arm-xilinx-eabi-size fsbl.elf  |tee "fsbl.elf.size"
   text	   data	    bss	    dec	    hex	filename
  70440	  10964	  73316	 154720	  25c60	fsbl.elf
Finished building: fsbl.elf.size
 
14:35:28 **** Auto Build of project fsbl_bsp ****
make -k all 
libgen -hw ../hw_platform_0/system.xml\
	       \
	       -pe ps7_cortexa9_0 \
	       -log libgen.log \
	       system.mss
libgen
Xilinx EDK 2013.4 Build EDK_2013.4.20131205
Copyright (c) 1995-2012 Xilinx, Inc.  All rights reserved.

Command Line: libgen -hw ../hw_platform_0/system.xml -pe ps7_cortexa9_0 -log
libgen.log system.mss 


Staging source files.
Running DRCs.
Running generate.
Running post_generate.
Running include - 'make -s include "COMPILER=arm-xilinx-eabi-gcc"
"ARCHIVER=arm-xilinx-eabi-ar" "COMPILER_FLAGS= -O2 -c"
"EXTRA_COMPILER_FLAGS=-g"'.

Running libs - 'make -s libs "COMPILER=arm-xilinx-eabi-gcc"
"ARCHIVER=arm-xilinx-eabi-ar" "COMPILER_FLAGS= -O2 -c"
"EXTRA_COMPILER_FLAGS=-g"'.
Compiling common
e:\Xilinx\SDK\2013.4\gnu\arm\nt\bin\arm-xilinx-eabi-ar.exe: creating ../../../lib/libxil.a
Compiling standalone
Compiling XilFFs Library
Creating archive libxilffs.a
Compiling gpio
Compiling devcfg
Compiling dmaps
Compiling emacps
Compiling iicps
Compiling qspips
Compiling scugic
Compiling scutimer
Compiling scuwdt
Compiling sdps
Compiling uartps
Compiling usbps
Compiling xadcps
Compiling cpu_cortexa9
Running execs_generate.
Finished building libraries
14:35:50 **** Clean-only build of configuration Debug for project fsbl ****
make clean 
rm -rf  ./src/ddr_init.o ./src/fsbl_handoff.o ./src/fsbl_hooks.o ./src/image_mover.o ./src/main.o ./src/md5.o ./src/nand.o ./src/nor.o ./src/pcap.o ./src/ps7_init.o ./src/qspi.o ./src/rsa.o ./src/sd.o  ./src/ddr_init.d ./src/fsbl_hooks.d ./src/image_mover.d ./src/main.d ./src/md5.d ./src/nand.d ./src/nor.d ./src/pcap.d ./src/ps7_init.d ./src/qspi.d ./src/rsa.d ./src/sd.d  fsbl.elf.size  ./src/fsbl_handoff.d  fsbl.elf
 
14:35:50 **** Auto Build of configuration Debug for project fsbl ****
make all 
Building file: ../src/ddr_init.c
Invoking: ARM gcc compiler
arm-xilinx-eabi-gcc -Wall -O0 -g3 -c -fmessage-length=0 -I../../fsbl_bsp/ps7_cortexa9_0/include -MMD -MP -MF"src/ddr_init.d" -MT"src/ddr_init.d" -o "src/ddr_init.o" "../src/ddr_init.c"
Finished building: ../src/ddr_init.c
 
Building file: ../src/fsbl_handoff.S
Invoking: ARM gcc compiler
arm-xilinx-eabi-gcc -Wall -O0 -g3 -c -fmessage-length=0 -I../../fsbl_bsp/ps7_cortexa9_0/include -MMD -MP -MF"src/fsbl_handoff.d" -MT"src/fsbl_handoff.d" -o "src/fsbl_handoff.o" "../src/fsbl_handoff.S"
Finished building: ../src/fsbl_handoff.S
 
Building file: ../src/fsbl_hooks.c
Invoking: ARM gcc compiler
arm-xilinx-eabi-gcc -Wall -O0 -g3 -c -fmessage-length=0 -I../../fsbl_bsp/ps7_cortexa9_0/include -MMD -MP -MF"src/fsbl_hooks.d" -MT"src/fsbl_hooks.d" -o "src/fsbl_hooks.o" "../src/fsbl_hooks.c"
Finished building: ../src/fsbl_hooks.c
 
Building file: ../src/image_mover.c
Invoking: ARM gcc compiler
arm-xilinx-eabi-gcc -Wall -O0 -g3 -c -fmessage-length=0 -I../../fsbl_bsp/ps7_cortexa9_0/include -MMD -MP -MF"src/image_mover.d" -MT"src/image_mover.d" -o "src/image_mover.o" "../src/image_mover.c"
Finished building: ../src/image_mover.c
 
Building file: ../src/main.c
Invoking: ARM gcc compiler
arm-xilinx-eabi-gcc -Wall -O0 -g3 -c -fmessage-length=0 -I../../fsbl_bsp/ps7_cortexa9_0/include -MMD -MP -MF"src/main.d" -MT"src/main.d" -o "src/main.o" "../src/main.c"
Finished building: ../src/main.c
 
Building file: ../src/md5.c
Invoking: ARM gcc compiler
arm-xilinx-eabi-gcc -Wall -O0 -g3 -c -fmessage-length=0 -I../../fsbl_bsp/ps7_cortexa9_0/include -MMD -MP -MF"src/md5.d" -MT"src/md5.d" -o "src/md5.o" "../src/md5.c"
Finished building: ../src/md5.c
 
Building file: ../src/nand.c
Invoking: ARM gcc compiler
arm-xilinx-eabi-gcc -Wall -O0 -g3 -c -fmessage-length=0 -I../../fsbl_bsp/ps7_cortexa9_0/include -MMD -MP -MF"src/nand.d" -MT"src/nand.d" -o "src/nand.o" "../src/nand.c"
Finished building: ../src/nand.c
 
Building file: ../src/nor.c
Invoking: ARM gcc compiler
arm-xilinx-eabi-gcc -Wall -O0 -g3 -c -fmessage-length=0 -I../../fsbl_bsp/ps7_cortexa9_0/include -MMD -MP -MF"src/nor.d" -MT"src/nor.d" -o "src/nor.o" "../src/nor.c"
Finished building: ../src/nor.c
 
Building file: ../src/pcap.c
Invoking: ARM gcc compiler
arm-xilinx-eabi-gcc -Wall -O0 -g3 -c -fmessage-length=0 -I../../fsbl_bsp/ps7_cortexa9_0/include -MMD -MP -MF"src/pcap.d" -MT"src/pcap.d" -o "src/pcap.o" "../src/pcap.c"
Finished building: ../src/pcap.c
 
Building file: ../src/ps7_init.c
Invoking: ARM gcc compiler
arm-xilinx-eabi-gcc -Wall -O0 -g3 -c -fmessage-length=0 -I../../fsbl_bsp/ps7_cortexa9_0/include -MMD -MP -MF"src/ps7_init.d" -MT"src/ps7_init.d" -o "src/ps7_init.o" "../src/ps7_init.c"
Finished building: ../src/ps7_init.c
 
Building file: ../src/qspi.c
Invoking: ARM gcc compiler
arm-xilinx-eabi-gcc -Wall -O0 -g3 -c -fmessage-length=0 -I../../fsbl_bsp/ps7_cortexa9_0/include -MMD -MP -MF"src/qspi.d" -MT"src/qspi.d" -o "src/qspi.o" "../src/qspi.c"
Finished building: ../src/qspi.c
 
Building file: ../src/rsa.c
Invoking: ARM gcc compiler
arm-xilinx-eabi-gcc -Wall -O0 -g3 -c -fmessage-length=0 -I../../fsbl_bsp/ps7_cortexa9_0/include -MMD -MP -MF"src/rsa.d" -MT"src/rsa.d" -o "src/rsa.o" "../src/rsa.c"
Finished building: ../src/rsa.c
 
Building file: ../src/sd.c
Invoking: ARM gcc compiler
arm-xilinx-eabi-gcc -Wall -O0 -g3 -c -fmessage-length=0 -I../../fsbl_bsp/ps7_cortexa9_0/include -MMD -MP -MF"src/sd.d" -MT"src/sd.d" -o "src/sd.o" "../src/sd.c"
Finished building: ../src/sd.c
 
Building target: fsbl.elf
Invoking: ARM gcc linker
arm-xilinx-eabi-gcc -L"E:\zybo_base_system3\project_2\project_2.sdk\SDK\SDK_Export\fsbl\src" -Wl,-T -Wl,../src/lscript.ld -L../../fsbl_bsp/ps7_cortexa9_0/lib -o "fsbl.elf"  ./src/ddr_init.o ./src/fsbl_handoff.o ./src/fsbl_hooks.o ./src/image_mover.o ./src/main.o ./src/md5.o ./src/nand.o ./src/nor.o ./src/pcap.o ./src/ps7_init.o ./src/qspi.o ./src/rsa.o ./src/sd.o   -lrsa -Wl,--start-group,-lxil,-lgcc,-lc,--end-group -Wl,--start-group,-lxilffs,-lxil,-lgcc,-lc,--end-group
Finished building target: fsbl.elf
 
Invoking: ARM Print Size
arm-xilinx-eabi-size fsbl.elf  |tee "fsbl.elf.size"
   text	   data	    bss	    dec	    hex	filename
  70440	  10964	  73316	 154720	  25c60	fsbl.elf
Finished building: fsbl.elf.size
 
14:35:53 **** Auto Build of configuration Debug for project fsbl ****
make all 
Building file: ../src/ps7_init.c
Invoking: ARM gcc compiler
arm-xilinx-eabi-gcc -Wall -O0 -g3 -c -fmessage-length=0 -I../../fsbl_bsp/ps7_cortexa9_0/include -MMD -MP -MF"src/ps7_init.d" -MT"src/ps7_init.d" -o "src/ps7_init.o" "../src/ps7_init.c"
Finished building: ../src/ps7_init.c
 
14:48:16 **** Build of project standalone_bsp_0 ****
make -k all 
libgen -hw ../hw_platform_0/system.xml\
	       -lp E:/Xilinx/SDK/2013.4/sw/lib/bsp -lp E:/Xilinx/SDK/2013.4/sw/lib/bsp/device-tree-xlnx\
	       -pe ps7_cortexa9_0 \
	       -log libgen.log \
	       system.mss
libgen
Xilinx EDK 2013.4 Build EDK_2013.4.20131205
Copyright (c) 1995-2012 Xilinx, Inc.  All rights reserved.

Command Line: libgen -hw ../hw_platform_0/system.xml -lp
E:/Xilinx/SDK/2013.4/sw/lib/bsp -lp
E:/Xilinx/SDK/2013.4/sw/lib/bsp/device-tree-xlnx -pe ps7_cortexa9_0 -log
libgen.log system.mss 


Staging source files.
Running DRCs.
Running generate.
Running post_generate.
Running include - 'make -s include "COMPILER=arm-xilinx-eabi-gcc"
"ARCHIVER=arm-xilinx-eabi-ar" "COMPILER_FLAGS= -O2 -c"
"EXTRA_COMPILER_FLAGS=-g"'.

Running libs - 'make -s libs "COMPILER=arm-xilinx-eabi-gcc"
"ARCHIVER=arm-xilinx-eabi-ar" "COMPILER_FLAGS= -O2 -c"
"EXTRA_COMPILER_FLAGS=-g"'.
Compiling common
e:\Xilinx\SDK\2013.4\gnu\arm\nt\bin\arm-xilinx-eabi-ar.exe: creating ../../../lib/libxil.a
Compiling standalone
Compiling gpio
Compiling devcfg
Compiling dmaps
Compiling emacps
Compiling iicps
Compiling qspips
Compiling scugic
Compiling scutimer
Compiling scuwdt
Compiling sdps
Compiling uartps
Compiling usbps
Compiling xadcps
Compiling cpu_cortexa9
Running execs_generate.
Finished building libraries
14:49:40 **** Build of project fsbl2_bsp ****
make -k all 
libgen -hw ../hw_platform_0/system.xml\
	       -lp E:/Xilinx/SDK/2013.4/sw/lib/bsp -lp E:/Xilinx/SDK/2013.4/sw/lib/bsp/device-tree-xlnx\
	       -pe ps7_cortexa9_0 \
	       -log libgen.log \
	       system.mss
libgen
Xilinx EDK 2013.4 Build EDK_2013.4.20131205
Copyright (c) 1995-2012 Xilinx, Inc.  All rights reserved.

Command Line: libgen -hw ../hw_platform_0/system.xml -lp
E:/Xilinx/SDK/2013.4/sw/lib/bsp -lp
E:/Xilinx/SDK/2013.4/sw/lib/bsp/device-tree-xlnx -pe ps7_cortexa9_0 -log
libgen.log system.mss 


Staging source files.
Running DRCs.
Running generate.
Running post_generate.
Running include - 'make -s include "COMPILER=arm-xilinx-eabi-gcc"
"ARCHIVER=arm-xilinx-eabi-ar" "COMPILER_FLAGS= -O2 -c"
"EXTRA_COMPILER_FLAGS=-g"'.

Running libs - 'make -s libs "COMPILER=arm-xilinx-eabi-gcc"
"ARCHIVER=arm-xilinx-eabi-ar" "COMPILER_FLAGS= -O2 -c"
"EXTRA_COMPILER_FLAGS=-g"'.
Compiling common
e:\Xilinx\SDK\2013.4\gnu\arm\nt\bin\arm-xilinx-eabi-ar.exe: creating ../../../lib/libxil.a
Compiling standalone
Compiling XilFFs Library
Creating archive libxilffs.a
Compiling gpio
Compiling devcfg
Compiling dmaps
Compiling emacps
Compiling iicps
Compiling qspips
Compiling scugic
Compiling scutimer
Compiling scuwdt
Compiling sdps
Compiling uartps
Compiling usbps
Compiling xadcps
Compiling cpu_cortexa9
Running execs_generate.
Finished building libraries
14:49:54 **** Build of configuration Debug for project fsbl2 ****
make all 
Building file: ../src/ddr_init.c
Invoking: ARM gcc compiler
arm-xilinx-eabi-gcc -Wall -O0 -g3 -c -fmessage-length=0 -I../../fsbl2_bsp/ps7_cortexa9_0/include -MMD -MP -MF"src/ddr_init.d" -MT"src/ddr_init.d" -o "src/ddr_init.o" "../src/ddr_init.c"
Finished building: ../src/ddr_init.c
 
Building file: ../src/fsbl_handoff.S
Invoking: ARM gcc compiler
arm-xilinx-eabi-gcc -Wall -O0 -g3 -c -fmessage-length=0 -I../../fsbl2_bsp/ps7_cortexa9_0/include -MMD -MP -MF"src/fsbl_handoff.d" -MT"src/fsbl_handoff.d" -o "src/fsbl_handoff.o" "../src/fsbl_handoff.S"
Finished building: ../src/fsbl_handoff.S
 
Building file: ../src/fsbl_hooks.c
Invoking: ARM gcc compiler
arm-xilinx-eabi-gcc -Wall -O0 -g3 -c -fmessage-length=0 -I../../fsbl2_bsp/ps7_cortexa9_0/include -MMD -MP -MF"src/fsbl_hooks.d" -MT"src/fsbl_hooks.d" -o "src/fsbl_hooks.o" "../src/fsbl_hooks.c"
Finished building: ../src/fsbl_hooks.c
 
Building file: ../src/image_mover.c
Invoking: ARM gcc compiler
arm-xilinx-eabi-gcc -Wall -O0 -g3 -c -fmessage-length=0 -I../../fsbl2_bsp/ps7_cortexa9_0/include -MMD -MP -MF"src/image_mover.d" -MT"src/image_mover.d" -o "src/image_mover.o" "../src/image_mover.c"
Finished building: ../src/image_mover.c
 
Building file: ../src/main.c
Invoking: ARM gcc compiler
arm-xilinx-eabi-gcc -Wall -O0 -g3 -c -fmessage-length=0 -I../../fsbl2_bsp/ps7_cortexa9_0/include -MMD -MP -MF"src/main.d" -MT"src/main.d" -o "src/main.o" "../src/main.c"
Finished building: ../src/main.c
 
Building file: ../src/md5.c
Invoking: ARM gcc compiler
arm-xilinx-eabi-gcc -Wall -O0 -g3 -c -fmessage-length=0 -I../../fsbl2_bsp/ps7_cortexa9_0/include -MMD -MP -MF"src/md5.d" -MT"src/md5.d" -o "src/md5.o" "../src/md5.c"
Finished building: ../src/md5.c
 
Building file: ../src/nand.c
Invoking: ARM gcc compiler
arm-xilinx-eabi-gcc -Wall -O0 -g3 -c -fmessage-length=0 -I../../fsbl2_bsp/ps7_cortexa9_0/include -MMD -MP -MF"src/nand.d" -MT"src/nand.d" -o "src/nand.o" "../src/nand.c"
Finished building: ../src/nand.c
 
Building file: ../src/nor.c
Invoking: ARM gcc compiler
arm-xilinx-eabi-gcc -Wall -O0 -g3 -c -fmessage-length=0 -I../../fsbl2_bsp/ps7_cortexa9_0/include -MMD -MP -MF"src/nor.d" -MT"src/nor.d" -o "src/nor.o" "../src/nor.c"
Finished building: ../src/nor.c
 
Building file: ../src/pcap.c
Invoking: ARM gcc compiler
arm-xilinx-eabi-gcc -Wall -O0 -g3 -c -fmessage-length=0 -I../../fsbl2_bsp/ps7_cortexa9_0/include -MMD -MP -MF"src/pcap.d" -MT"src/pcap.d" -o "src/pcap.o" "../src/pcap.c"
Finished building: ../src/pcap.c
 
Building file: ../src/ps7_init.c
Invoking: ARM gcc compiler
arm-xilinx-eabi-gcc -Wall -O0 -g3 -c -fmessage-length=0 -I../../fsbl2_bsp/ps7_cortexa9_0/include -MMD -MP -MF"src/ps7_init.d" -MT"src/ps7_init.d" -o "src/ps7_init.o" "../src/ps7_init.c"
Finished building: ../src/ps7_init.c
 
Building file: ../src/qspi.c
Invoking: ARM gcc compiler
arm-xilinx-eabi-gcc -Wall -O0 -g3 -c -fmessage-length=0 -I../../fsbl2_bsp/ps7_cortexa9_0/include -MMD -MP -MF"src/qspi.d" -MT"src/qspi.d" -o "src/qspi.o" "../src/qspi.c"
Finished building: ../src/qspi.c
 
Building file: ../src/rsa.c
Invoking: ARM gcc compiler
arm-xilinx-eabi-gcc -Wall -O0 -g3 -c -fmessage-length=0 -I../../fsbl2_bsp/ps7_cortexa9_0/include -MMD -MP -MF"src/rsa.d" -MT"src/rsa.d" -o "src/rsa.o" "../src/rsa.c"
Finished building: ../src/rsa.c
 
Building file: ../src/sd.c
Invoking: ARM gcc compiler
arm-xilinx-eabi-gcc -Wall -O0 -g3 -c -fmessage-length=0 -I../../fsbl2_bsp/ps7_cortexa9_0/include -MMD -MP -MF"src/sd.d" -MT"src/sd.d" -o "src/sd.o" "../src/sd.c"
Finished building: ../src/sd.c
 
Building target: fsbl2.elf
Invoking: ARM gcc linker
arm-xilinx-eabi-gcc -L"E:\zybo_base_system3\project_2\project_2.sdk\SDK\SDK_Export\fsbl2\src" -Wl,-T -Wl,../src/lscript.ld -L../../fsbl2_bsp/ps7_cortexa9_0/lib -o "fsbl2.elf"  ./src/ddr_init.o ./src/fsbl_handoff.o ./src/fsbl_hooks.o ./src/image_mover.o ./src/main.o ./src/md5.o ./src/nand.o ./src/nor.o ./src/pcap.o ./src/ps7_init.o ./src/qspi.o ./src/rsa.o ./src/sd.o   -lrsa -Wl,--start-group,-lxil,-lgcc,-lc,--end-group -Wl,--start-group,-lxilffs,-lxil,-lgcc,-lc,--end-group
Finished building target: fsbl2.elf
 
Invoking: ARM Print Size
arm-xilinx-eabi-size fsbl2.elf  |tee "fsbl2.elf.size"
   text	   data	    bss	    dec	    hex	filename
  70440	  10964	  73316	 154720	  25c60	fsbl2.elf
Finished building: fsbl2.elf.size
 
14:52:50 **** Auto Build of configuration Debug for project fsbl2 ****
make all 
Building file: ../src/fsbl_hooks.c
Invoking: ARM gcc compiler
arm-xilinx-eabi-gcc -Wall -O0 -g3 -c -fmessage-length=0 -I../../fsbl2_bsp/ps7_cortexa9_0/include -MMD -MP -MF"src/fsbl_hooks.d" -MT"src/fsbl_hooks.d" -o "src/fsbl_hooks.o" "../src/fsbl_hooks.c"
Finished building: ../src/fsbl_hooks.c
 
Building target: fsbl2.elf
Invoking: ARM gcc linker
arm-xilinx-eabi-gcc -L"E:\zybo_base_system3\project_2\project_2.sdk\SDK\SDK_Export\fsbl2\src" -Wl,-T -Wl,../src/lscript.ld -L../../fsbl2_bsp/ps7_cortexa9_0/lib -o "fsbl2.elf"  ./src/ddr_init.o ./src/fsbl_handoff.o ./src/fsbl_hooks.o ./src/image_mover.o ./src/main.o ./src/md5.o ./src/nand.o ./src/nor.o ./src/pcap.o ./src/ps7_init.o ./src/qspi.o ./src/rsa.o ./src/sd.o   -lrsa -Wl,--start-group,-lxil,-lgcc,-lc,--end-group -Wl,--start-group,-lxilffs,-lxil,-lgcc,-lc,--end-group
Finished building target: fsbl2.elf
 
Invoking: ARM Print Size
arm-xilinx-eabi-size fsbl2.elf  |tee "fsbl2.elf.size"
   text	   data	    bss	    dec	    hex	filename
  81340	  10980	  73316	 165636	  28704	fsbl2.elf
Finished building: fsbl2.elf.size
 
16:37:59 **** Clean-only build of project fsbl2_bsp ****
make -k clean 
rm -rf ps7_cortexa9_0
16:38:01 **** Build of project fsbl2_bsp ****
make -k all 
libgen -hw ../hw_platform_0/system.xml\
	       -lp E:/Xilinx/SDK/2013.4/sw/lib/bsp\
	       -pe ps7_cortexa9_0 \
	       -log libgen.log \
	       system.mss
libgen
Xilinx EDK 2013.4 Build EDK_2013.4.20131205
Copyright (c) 1995-2012 Xilinx, Inc.  All rights reserved.

Command Line: libgen -hw ../hw_platform_0/system.xml -lp
E:/Xilinx/SDK/2013.4/sw/lib/bsp -pe ps7_cortexa9_0 -log libgen.log system.mss 


Staging source files.
Running DRCs.
Running generate.
Running post_generate.
Running include - 'make -s include "COMPILER=arm-xilinx-eabi-gcc"
"ARCHIVER=arm-xilinx-eabi-ar" "COMPILER_FLAGS= -O2 -c"
"EXTRA_COMPILER_FLAGS=-g"'.

Running libs - 'make -s libs "COMPILER=arm-xilinx-eabi-gcc"
"ARCHIVER=arm-xilinx-eabi-ar" "COMPILER_FLAGS= -O2 -c"
"EXTRA_COMPILER_FLAGS=-g"'.
Compiling common
e:\Xilinx\SDK\2013.4\gnu\arm\nt\bin\arm-xilinx-eabi-ar.exe: creating ../../../lib/libxil.a
Compiling standalone
Compiling XilFFs Library
Creating archive libxilffs.a
Compiling gpio
Compiling devcfg
Compiling dmaps
Compiling emacps
Compiling iicps
Compiling qspips
Compiling scugic
Compiling scutimer
Compiling scuwdt
Compiling sdps
Compiling uartps
Compiling usbps
Compiling xadcps
Compiling cpu_cortexa9
Running execs_generate.
Finished building libraries
16:38:34 **** Auto Build of configuration Debug for project fsbl2 ****
make all 
make: Nothing to be done for `all'.
16:43:16 **** Clean-only build of project fsbl2_bsp ****
make -k clean 
rm -rf ps7_cortexa9_0
16:43:17 **** Build of project fsbl2_bsp ****
make -k all 
libgen -hw ../hw_platform_0/system.xml\
	       -lp E:/Xilinx/SDK/2013.4/sw/lib/bsp -lp E:/Xilinx/SDK/2013.4/sw/ThirdParty/bsp\
	       -pe ps7_cortexa9_0 \
	       -log libgen.log \
	       system.mss
libgen
Xilinx EDK 2013.4 Build EDK_2013.4.20131205
Copyright (c) 1995-2012 Xilinx, Inc.  All rights reserved.

Command Line: libgen -hw ../hw_platform_0/system.xml -lp
E:/Xilinx/SDK/2013.4/sw/lib/bsp -lp E:/Xilinx/SDK/2013.4/sw/ThirdParty/bsp -pe
ps7_cortexa9_0 -log libgen.log system.mss 


Staging source files.
Running DRCs.
Running generate.
Running post_generate.
Running include - 'make -s include "COMPILER=arm-xilinx-eabi-gcc"
"ARCHIVER=arm-xilinx-eabi-ar" "COMPILER_FLAGS= -O2 -c"
"EXTRA_COMPILER_FLAGS=-g"'.

Running libs - 'make -s libs "COMPILER=arm-xilinx-eabi-gcc"
"ARCHIVER=arm-xilinx-eabi-ar" "COMPILER_FLAGS= -O2 -c"
"EXTRA_COMPILER_FLAGS=-g"'.
Compiling common
e:\Xilinx\SDK\2013.4\gnu\arm\nt\bin\arm-xilinx-eabi-ar.exe: creating ../../../lib/libxil.a
Compiling standalone
Compiling XilFFs Library
Creating archive libxilffs.a
Compiling gpio
Compiling devcfg
Compiling dmaps
Compiling emacps
Compiling iicps
Compiling qspips
Compiling scugic
Compiling scutimer
Compiling scuwdt
Compiling sdps
Compiling uartps
Compiling usbps
Compiling xadcps
Compiling cpu_cortexa9
Running execs_generate.
Finished building libraries
16:43:34 **** Auto Build of configuration Debug for project fsbl2 ****
make all 
make: Nothing to be done for `all'.
