Copyright 1986-2017 Xilinx, Inc. All Rights Reserved.
-------------------------------------------------------------------------------------
| Tool Version : Vivado v.2017.2 (win64) Build 1909853 Thu Jun 15 18:39:09 MDT 2017
| Date         : Wed Jul  5 15:30:24 2017
| Host         : win7-PC running 64-bit Service Pack 1  (build 7601)
| Command      : report_control_sets -verbose -file XADCdemo_control_sets_placed.rpt
| Design       : XADCdemo
| Device       : xc7z010
-------------------------------------------------------------------------------------

Control Set Information

Table of Contents
-----------------
1. Summary
2. Flip-Flop Distribution
3. Detailed Control Set Information

1. Summary
----------

+----------------------------------------------------------+-------+
|                          Status                          | Count |
+----------------------------------------------------------+-------+
| Number of unique control sets                            |   122 |
| Unused register locations in slices containing registers |   376 |
+----------------------------------------------------------+-------+


2. Flip-Flop Distribution
-------------------------

+--------------+-----------------------+------------------------+-----------------+--------------+
| Clock Enable | Synchronous Set/Reset | Asynchronous Set/Reset | Total Registers | Total Slices |
+--------------+-----------------------+------------------------+-----------------+--------------+
| No           | No                    | No                     |             668 |          203 |
| No           | No                    | Yes                    |             129 |           42 |
| No           | Yes                   | No                     |             291 |           94 |
| Yes          | No                    | No                     |             555 |          231 |
| Yes          | No                    | Yes                    |              82 |           19 |
| Yes          | Yes                   | No                     |             219 |           54 |
+--------------+-----------------------+------------------------+-----------------+--------------+


3. Detailed Control Set Information
-----------------------------------

+-----------------------------------------+-------------------------------------------------------------------------------------------------------------------------------------------------------------------------------------------------------------------------------------+-----------------------------------------------------------------------------------------------------------------------------------------------------------------------------------------------------------------------------------------+------------------+----------------+
|               Clock Signal              |                                                                                                            Enable Signal                                                                                                            |                                                                                                             Set/Reset Signal                                                                                                            | Slice Load Count | Bel Load Count |
+-----------------------------------------+-------------------------------------------------------------------------------------------------------------------------------------------------------------------------------------------------------------------------------------+-----------------------------------------------------------------------------------------------------------------------------------------------------------------------------------------------------------------------------------------+------------------+----------------+
|  clk_IBUF_BUFG                          |                                                                                                                                                                                                                                     | dbg_hub/inst/BSCANID.u_xsdbm_id/CORE_XSDB.UUT_MASTER/U_XSDB_BUS_CONTROLLER/clr_rd_req                                                                                                                                                   |                1 |              1 |
|  dbg_hub/inst/BSCANID.u_xsdbm_id/itck_i |                                                                                                                                                                                                                                     | dbg_hub/inst/BSCANID.u_xsdbm_id/SWITCH_N_EXT_BSCAN.bscan_inst/s_bscan_reset                                                                                                                                                             |                1 |              1 |
|  clk_IBUF_BUFG                          | myila/U0/ila_core_inst/u_ila_cap_ctrl/u_cap_addrgen/u_cap_window_counter/U_WLCMPCE/O                                                                                                                                                | myila/U0/ila_core_inst/u_ila_cap_ctrl/u_cap_addrgen/U_CMPRESET/O                                                                                                                                                                        |                1 |              1 |
|  clk_IBUF_BUFG                          |                                                                                                                                                                                                                                     | dbg_hub/inst/BSCANID.u_xsdbm_id/CORE_XSDB.UUT_MASTER/U_ICON_INTERFACE/U_CMD6_RD/U_RD_FIFO/SUBCORE_FIFO.xsdbm_v3_0_0_rdfifo_inst/inst_fifo_gen/gconvfifo.rf/grf.rf/rstblk/rst_wr_reg2                                                    |                1 |              1 |
|  clk_IBUF_BUFG                          | myila/U0/ila_core_inst/u_ila_cap_ctrl/u_cap_addrgen/u_cap_window_counter/U_WHCMPCE/O                                                                                                                                                | myila/U0/ila_core_inst/u_ila_cap_ctrl/u_cap_addrgen/U_CMPRESET/O                                                                                                                                                                        |                1 |              1 |
|  dbg_hub/inst/BSCANID.u_xsdbm_id/itck_i |                                                                                                                                                                                                                                     | dbg_hub/inst/BSCANID.u_xsdbm_id/CORE_XSDB.UUT_MASTER/U_ICON_INTERFACE/U_CMD6_RD/U_RD_FIFO/SUBCORE_FIFO.xsdbm_v3_0_0_rdfifo_inst/inst_fifo_gen/gconvfifo.rf/grf.rf/rstblk/rst_rd_reg2                                                    |                1 |              1 |
|  clk_IBUF_BUFG                          |                                                                                                                                                                                                                                     | dbg_hub/inst/BSCANID.u_xsdbm_id/CORE_XSDB.UUT_MASTER/U_XSDB_BUS_CONTROLLER/clr_abort_rd                                                                                                                                                 |                1 |              1 |
|  clk_IBUF_BUFG                          | myila/U0/ila_core_inst/u_ila_cap_ctrl/u_cap_addrgen/u_cap_sample_counter/U_SCMPCE/O                                                                                                                                                 | myila/U0/ila_core_inst/u_ila_cap_ctrl/u_cap_addrgen/U_CMPRESET/O                                                                                                                                                                        |                1 |              1 |
|  dbg_hub/inst/BSCANID.u_xsdbm_id/itck_i |                                                                                                                                                                                                                                     | dbg_hub/inst/BSCANID.u_xsdbm_id/CORE_XSDB.UUT_MASTER/U_ICON_INTERFACE/U_CMD6_WR/U_WR_FIFO/SUBCORE_FIFO.xsdbm_v3_0_0_wrfifo_inst/inst_fifo_gen/gconvfifo.rf/grf.rf/rstblk/rst_wr_reg2                                                    |                1 |              1 |
|  clk_IBUF_BUFG                          |                                                                                                                                                                                                                                     | dbg_hub/inst/BSCANID.u_xsdbm_id/CORE_XSDB.UUT_MASTER/U_ICON_INTERFACE/U_CMD6_WR/U_WR_FIFO/SUBCORE_FIFO.xsdbm_v3_0_0_wrfifo_inst/inst_fifo_gen/gconvfifo.rf/grf.rf/rstblk/rst_rd_reg2                                                    |                1 |              1 |
|  clk_IBUF_BUFG                          | dbg_hub/inst/BSCANID.u_xsdbm_id/CORE_XSDB.UUT_MASTER/U_ICON_INTERFACE/U_CMD7_STAT/stat_reg_ld_temp_1_reg_n_0                                                                                                                        |                                                                                                                                                                                                                                         |                1 |              1 |
|  dbg_hub/inst/BSCANID.u_xsdbm_id/itck_i |                                                                                                                                                                                                                                     | dbg_hub/inst/BSCANID.u_xsdbm_id/CORE_XSDB.UUT_MASTER/U_ICON_INTERFACE/wrdata_rst                                                                                                                                                        |                1 |              2 |
|  clk_IBUF_BUFG                          |                                                                                                                                                                                                                                     | myila/U0/ila_core_inst/u_ila_reset_ctrl/RESET_O[3]                                                                                                                                                                                      |                1 |              2 |
|  clk_IBUF_BUFG                          | dbg_hub/inst/BSCANID.u_xsdbm_id/CORE_XSDB.UUT_MASTER/U_ICON_INTERFACE/U_CMD1/ctl_reg[1]_i_1_n_0                                                                                                                                     |                                                                                                                                                                                                                                         |                1 |              2 |
| ~XLXI_7/drdy_out_BUFG                   |                                                                                                                                                                                                                                     |                                                                                                                                                                                                                                         |                1 |              2 |
|  clk_IBUF_BUFG                          |                                                                                                                                                                                                                                     | dbg_hub/inst/BSCANID.u_xsdbm_id/CORE_XSDB.UUT_MASTER/U_ICON_INTERFACE/U_CMD6_WR/U_WR_FIFO/SUBCORE_FIFO.xsdbm_v3_0_0_wrfifo_inst/inst_fifo_gen/gconvfifo.rf/grf.rf/rstblk/rd_rst_reg[2]                                                  |                1 |              2 |
|  clk_IBUF_BUFG                          |                                                                                                                                                                                                                                     | dbg_hub/inst/BSCANID.u_xsdbm_id/CORE_XSDB.UUT_MASTER/U_ICON_INTERFACE/rddata_rst                                                                                                                                                        |                1 |              2 |
|  dbg_hub/inst/BSCANID.u_xsdbm_id/itck_i |                                                                                                                                                                                                                                     | dbg_hub/inst/BSCANID.u_xsdbm_id/CORE_XSDB.UUT_MASTER/U_ICON_INTERFACE/rddata_rst                                                                                                                                                        |                1 |              2 |
|  dbg_hub/inst/BSCANID.u_xsdbm_id/itck_i | dbg_hub/inst/BSCANID.u_xsdbm_id/CORE_XSDB.UUT_MASTER/U_ICON_INTERFACE/U_CMD1/icn_cmd_en_temp                                                                                                                                        |                                                                                                                                                                                                                                         |                1 |              2 |
|  clk_IBUF_BUFG                          |                                                                                                                                                                                                                                     | dbg_hub/inst/BSCANID.u_xsdbm_id/CORE_XSDB.UUT_MASTER/U_ICON_INTERFACE/wrdata_rst                                                                                                                                                        |                1 |              2 |
|  clk_IBUF_BUFG                          |                                                                                                                                                                                                                                     | dbg_hub/inst/BSCANID.u_xsdbm_id/CORE_XSDB.UUT_MASTER/U_ICON_INTERFACE/U_CMD6_WR/U_WR_FIFO/SUBCORE_FIFO.xsdbm_v3_0_0_wrfifo_inst/inst_fifo_gen/gconvfifo.rf/grf.rf/rstblk/ngwrdrst.grst.g7serrst.gwrrd_rst_sync_stage[2].rrst_inst/AS[0] |                2 |              3 |
|  dbg_hub/inst/BSCANID.u_xsdbm_id/itck_i | dbg_hub/inst/BSCANID.u_xsdbm_id/CORE_XSDB.UUT_MASTER/U_ICON_INTERFACE/U_CMD7_STAT/icn_cmd_en_temp                                                                                                                                   |                                                                                                                                                                                                                                         |                1 |              3 |
|  dbg_hub/inst/BSCANID.u_xsdbm_id/itck_i | dbg_hub/inst/BSCANID.u_xsdbm_id/CORE_XSDB.UUT_MASTER/U_ICON_INTERFACE/U_CMD3/icn_cmd_en_temp                                                                                                                                        |                                                                                                                                                                                                                                         |                1 |              3 |
|  clk_IBUF_BUFG                          |                                                                                                                                                                                                                                     | dbg_hub/inst/BSCANID.u_xsdbm_id/CORE_XSDB.UUT_MASTER/U_ICON_INTERFACE/U_CMD6_RD/U_RD_FIFO/SUBCORE_FIFO.xsdbm_v3_0_0_rdfifo_inst/inst_fifo_gen/gconvfifo.rf/grf.rf/rstblk/ngwrdrst.grst.g7serrst.gwrrd_rst_sync_stage[2].wrst_inst/AS[0] |                2 |              3 |
|  dbg_hub/inst/BSCANID.u_xsdbm_id/itck_i |                                                                                                                                                                                                                                     | dbg_hub/inst/BSCANID.u_xsdbm_id/CORE_XSDB.UUT_MASTER/U_ICON_INTERFACE/U_CMD6_WR/U_WR_FIFO/SUBCORE_FIFO.xsdbm_v3_0_0_wrfifo_inst/inst_fifo_gen/gconvfifo.rf/grf.rf/rstblk/ngwrdrst.grst.g7serrst.gwrrd_rst_sync_stage[2].wrst_inst/AS[0] |                1 |              3 |
|  dbg_hub/inst/BSCANID.u_xsdbm_id/itck_i |                                                                                                                                                                                                                                     | dbg_hub/inst/BSCANID.u_xsdbm_id/CORE_XSDB.UUT_MASTER/U_ICON_INTERFACE/U_CMD6_RD/U_RD_FIFO/SUBCORE_FIFO.xsdbm_v3_0_0_rdfifo_inst/inst_fifo_gen/gconvfifo.rf/grf.rf/rstblk/ngwrdrst.grst.g7serrst.gwrrd_rst_sync_stage[2].rrst_inst/AS[0] |                1 |              3 |
|  dbg_hub/inst/BSCANID.u_xsdbm_id/itck_i | dbg_hub/inst/BSCANID.u_xsdbm_id/CORE_XSDB.UUT_MASTER/U_ICON_INTERFACE/U_CMD7_CTL/icn_cmd_en_temp                                                                                                                                    | dbg_hub/inst/BSCANID.u_xsdbm_id/CORE_XSDB.UUT_MASTER/U_ICON_INTERFACE/U_CMD1/ctl_reg[0]                                                                                                                                                 |                1 |              3 |
|  clk_IBUF_BUFG                          | dbg_hub/inst/BSCANID.u_xsdbm_id/CORE_XSDB.UUT_MASTER/U_ICON_INTERFACE/U_CMD3/stat_reg_ld_temp_1_reg_n_0                                                                                                                             |                                                                                                                                                                                                                                         |                3 |              3 |
|  clk_IBUF_BUFG                          | dbg_hub/inst/BSCANID.u_xsdbm_id/CORE_XSDB.UUT_MASTER/U_ICON_INTERFACE/U_CMD7_CTL/ctl_reg[2]_i_1_n_0                                                                                                                                 | dbg_hub/inst/BSCANID.u_xsdbm_id/CORE_XSDB.UUT_MASTER/U_ICON_INTERFACE/U_CMD1/ctl_reg[0]                                                                                                                                                 |                1 |              3 |
|  dbg_hub/inst/BSCANID.u_xsdbm_id/itck_i |                                                                                                                                                                                                                                     | dbg_hub/inst/BSCANID.u_xsdbm_id/CORE_XSDB.UUT_MASTER/U_ICON_INTERFACE/icn_cmd_en[7]_i_1_n_0                                                                                                                                             |                2 |              4 |
|  dbg_hub/inst/BSCANID.u_xsdbm_id/itck_i | dbg_hub/inst/BSCANID.u_xsdbm_id/CORE_XSDB.UUT_MASTER/U_ICON_INTERFACE/U_CMD2/icn_cmd_en_temp                                                                                                                                        |                                                                                                                                                                                                                                         |                1 |              4 |
|  clk_IBUF_BUFG                          |                                                                                                                                                                                                                                     | myila/U0/ila_core_inst/u_ila_regs/TC_SRL[0].tc_srl_reg/cnt[3]_i_1_n_0                                                                                                                                                                   |                1 |              4 |
|  clk_IBUF_BUFG                          |                                                                                                                                                                                                                                     | myila/U0/ila_core_inst/u_ila_regs/reg_srl_fff/cnt[3]_i_1_n_0                                                                                                                                                                            |                1 |              4 |
|  clk_IBUF_BUFG                          |                                                                                                                                                                                                                                     | myila/U0/ila_core_inst/u_ila_regs/MU_SRL[4].mu_srl_reg/cnt[3]_i_1_n_0                                                                                                                                                                   |                2 |              4 |
|  clk_IBUF_BUFG                          |                                                                                                                                                                                                                                     | myila/U0/ila_core_inst/u_ila_regs/MU_SRL[3].mu_srl_reg/cnt[3]_i_1_n_0                                                                                                                                                                   |                1 |              4 |
|  clk_IBUF_BUFG                          |                                                                                                                                                                                                                                     | myila/U0/ila_core_inst/u_ila_regs/MU_SRL[0].mu_srl_reg/cnt[3]_i_1_n_0                                                                                                                                                                   |                1 |              4 |
|  clk_IBUF_BUFG                          |                                                                                                                                                                                                                                     | myila/U0/ila_core_inst/u_ila_regs/MU_SRL[1].mu_srl_reg/cnt[3]_i_1_n_0                                                                                                                                                                   |                1 |              4 |
|  dbg_hub/inst/BSCANID.u_xsdbm_id/itck_i |                                                                                                                                                                                                                                     | dbg_hub/inst/BSCANID.u_xsdbm_id/CORE_XSDB.UUT_MASTER/U_ICON_INTERFACE/U_CMD5/shift_bit_count_reg[3][0]                                                                                                                                  |                1 |              4 |
|  dbg_hub/inst/BSCANID.u_xsdbm_id/itck_i |                                                                                                                                                                                                                                     | dbg_hub/inst/BSCANID.u_xsdbm_id/CORE_XSDB.U_ICON/U_CMD/icn_cmd_en_reg[0]_0                                                                                                                                                              |                1 |              4 |
|  clk_IBUF_BUFG                          | myila/U0/ila_core_inst/u_ila_regs/drdyCount[5]_i_2_n_0                                                                                                                                                                              | myila/U0/ila_core_inst/u_ila_regs/drdyCount[5]_i_1_n_0                                                                                                                                                                                  |                1 |              4 |
|  clk_IBUF_BUFG                          | dbg_hub/inst/BSCANID.u_xsdbm_id/CORE_XSDB.UUT_MASTER/U_ICON_INTERFACE/U_CMD2/stat_reg_ld_temp_1                                                                                                                                     |                                                                                                                                                                                                                                         |                4 |              4 |
|  dbg_hub/inst/BSCANID.u_xsdbm_id/itck_i |                                                                                                                                                                                                                                     | dbg_hub/inst/BSCANID.u_xsdbm_id/CORE_XSDB.UUT_MASTER/U_ICON_INTERFACE/U_CMD5/SR[0]                                                                                                                                                      |                1 |              4 |
|  clk_IBUF_BUFG                          |                                                                                                                                                                                                                                     | myila/U0/ila_core_inst/u_ila_regs/MU_SRL[2].mu_srl_reg/cnt[3]_i_1_n_0                                                                                                                                                                   |                2 |              4 |
|  clk_IBUF_BUFG                          |                                                                                                                                                                                                                                     | myila/U0/ila_core_inst/u_ila_reset_ctrl/reset_out[5]_i_1_n_0                                                                                                                                                                            |                2 |              6 |
|  dbg_hub/inst/BSCANID.u_xsdbm_id/itck_i |                                                                                                                                                                                                                                     | dbg_hub/inst/BSCANID.u_xsdbm_id/CORE_XSDB.U_ICON/U_CMD/SR[0]                                                                                                                                                                            |                2 |              6 |
|  dbg_hub/inst/BSCANID.u_xsdbm_id/itck_i |                                                                                                                                                                                                                                     | dbg_hub/inst/BSCANID.u_xsdbm_id/CORE_XSDB.UUT_MASTER/U_ICON_INTERFACE/U_STATIC_STATUS/clear                                                                                                                                             |                3 |              7 |
|  clk_IBUF_BUFG                          | myila/U0/ila_core_inst/u_ila_regs/xsdb_rden_ffa                                                                                                                                                                                     | myila/U0/ila_core_inst/u_ila_regs/count10                                                                                                                                                                                               |                2 |              7 |
|  clk_IBUF_BUFG                          | myila/U0/ila_core_inst/u_ila_regs/xsdb_rden_ff9                                                                                                                                                                                     | myila/U0/ila_core_inst/u_ila_regs/count00                                                                                                                                                                                               |                2 |              7 |
|  clk_IBUF_BUFG                          |                                                                                                                                                                                                                                     | myila/U0/ila_core_inst/u_ila_regs/U_XSDB_SLAVE/reg_do[15]_i_1_n_0                                                                                                                                                                       |                3 |              7 |
|  clk_IBUF_BUFG                          |                                                                                                                                                                                                                                     | myila/U0/ila_core_inst/u_ila_regs/reg_15/I_EN_CTL_EQ1.U_CTL/s_do_o[0]                                                                                                                                                                   |                2 |              7 |
|  XLXI_7/drdy_out_BUFG                   | data2[15]_i_1_n_0                                                                                                                                                                                                                   |                                                                                                                                                                                                                                         |                2 |              8 |
|  clk_IBUF_BUFG                          |                                                                                                                                                                                                                                     | dbg_hub/inst/BSCANID.u_xsdbm_id/CORE_XSDB.UUT_MASTER/U_XSDB_BUS_CONTROLLER/timer_rst                                                                                                                                                    |                2 |              8 |
|  XLXI_7/drdy_out_BUFG                   | data0[15]_i_1_n_0                                                                                                                                                                                                                   |                                                                                                                                                                                                                                         |                3 |              8 |
|  XLXI_7/drdy_out_BUFG                   | data3[15]_i_1_n_0                                                                                                                                                                                                                   |                                                                                                                                                                                                                                         |                3 |              8 |
|  XLXI_7/drdy_out_BUFG                   | data1[15]_i_1_n_0                                                                                                                                                                                                                   |                                                                                                                                                                                                                                         |                2 |              8 |
|  dbg_hub/inst/BSCANID.u_xsdbm_id/itck_i |                                                                                                                                                                                                                                     | dbg_hub/inst/BSCANID.u_xsdbm_id/SWITCH_N_EXT_BSCAN.bscan_switch/counter[7]_i_1_n_0                                                                                                                                                      |                2 |              8 |
|  clk_IBUF_BUFG                          | dbg_hub/inst/BSCANID.u_xsdbm_id/CORE_XSDB.UUT_MASTER/U_XSDB_BUS_CONTROLLER/gpr1.dout_i_reg[15][0]                                                                                                                                   | dbg_hub/inst/BSCANID.u_xsdbm_id/CORE_XSDB.UUT_MASTER/U_ICON_INTERFACE/U_CMD6_WR/U_WR_FIFO/SUBCORE_FIFO.xsdbm_v3_0_0_wrfifo_inst/inst_fifo_gen/gconvfifo.rf/grf.rf/rstblk/rd_rst_reg[2]                                                  |                3 |              8 |
|  dbg_hub/inst/BSCANID.u_xsdbm_id/itck_i |                                                                                                                                                                                                                                     | dbg_hub/inst/BSCANID.u_xsdbm_id/CORE_XSDB.U_ICON/U_SYNC/iSYNC_WORD[6]_i_1_n_0                                                                                                                                                           |                1 |              8 |
|  dbg_hub/inst/BSCANID.u_xsdbm_id/itck_i | dbg_hub/inst/BSCANID.u_xsdbm_id/CORE_XSDB.UUT_MASTER/U_ICON_INTERFACE/U_CMD6_RD/U_RD_FIFO/SUBCORE_FIFO.xsdbm_v3_0_0_rdfifo_inst/inst_fifo_gen/gconvfifo.rf/grf.rf/gntv_or_sync_fifo.gl0.rd/gr1.gr1_int.rfwft/gc0.count_d1_reg[3][0] | dbg_hub/inst/BSCANID.u_xsdbm_id/CORE_XSDB.UUT_MASTER/U_ICON_INTERFACE/U_CMD6_RD/U_RD_FIFO/SUBCORE_FIFO.xsdbm_v3_0_0_rdfifo_inst/inst_fifo_gen/gconvfifo.rf/grf.rf/rstblk/rd_rst_reg[2]                                                  |                1 |              8 |
|  clk_IBUF_BUFG                          | myila/U0/ila_core_inst/u_ila_cap_ctrl/u_cap_addrgen/u_cap_sample_counter/U_SCE/O                                                                                                                                                    | myila/U0/ila_core_inst/u_ila_cap_ctrl/u_cap_addrgen/u_cap_sample_counter/U_SCRST/O                                                                                                                                                      |                2 |             10 |
|  clk_IBUF_BUFG                          | myila/U0/ila_core_inst/u_ila_cap_ctrl/u_cap_addrgen/captured_samples[9]_i_1_n_0                                                                                                                                                     |                                                                                                                                                                                                                                         |                5 |             10 |
|  clk_IBUF_BUFG                          | myila/U0/ila_core_inst/xsdb_memory_read_inst/read_addr[9]_i_1_n_0                                                                                                                                                                   |                                                                                                                                                                                                                                         |                4 |             10 |
|  dbg_hub/inst/BSCANID.u_xsdbm_id/itck_i |                                                                                                                                                                                                                                     | dbg_hub/inst/BSCANID.u_xsdbm_id/CORE_XSDB.UUT_MASTER/U_ICON_INTERFACE/U_CMD6_RD/U_RD_FIFO/SUBCORE_FIFO.xsdbm_v3_0_0_rdfifo_inst/inst_fifo_gen/gconvfifo.rf/grf.rf/rstblk/rd_rst_reg[2]                                                  |                2 |             10 |
|  dbg_hub/inst/BSCANID.u_xsdbm_id/itck_i | dbg_hub/inst/BSCANID.u_xsdbm_id/CORE_XSDB.U_ICON/U_CMD/iTARGET_CE                                                                                                                                                                   | dbg_hub/inst/BSCANID.u_xsdbm_id/CORE_XSDB.U_ICON/U_CMD/iSEL_n                                                                                                                                                                           |                2 |             10 |
|  clk_IBUF_BUFG                          | myila/U0/ila_core_inst/u_ila_cap_ctrl/u_cap_addrgen/u_cap_window_counter/U_WCE/O                                                                                                                                                    | myila/U0/ila_core_inst/u_ila_reset_ctrl/RESET_O[0]                                                                                                                                                                                      |                3 |             10 |
|  clk_IBUF_BUFG                          |                                                                                                                                                                                                                                     | myila/U0/ila_core_inst/u_ila_regs/slaveRegDo_mux_2[15]_i_1_n_0                                                                                                                                                                          |                5 |             11 |
|  clk_IBUF_BUFG                          |                                                                                                                                                                                                                                     | myila/U0/ila_core_inst/u_ila_regs/slaveRegDo_mux_0[14]_i_1_n_0                                                                                                                                                                          |                4 |             11 |
|  dbg_hub/inst/BSCANID.u_xsdbm_id/itck_i | dbg_hub/inst/BSCANID.u_xsdbm_id/CORE_XSDB.UUT_MASTER/U_ICON_INTERFACE/U_CMD6_WR/U_WR_FIFO/SUBCORE_FIFO.xsdbm_v3_0_0_wrfifo_inst/inst_fifo_gen/gconvfifo.rf/grf.rf/gntv_or_sync_fifo.gl0.wr/gwas.wsts/E[0]                           | dbg_hub/inst/BSCANID.u_xsdbm_id/CORE_XSDB.UUT_MASTER/U_ICON_INTERFACE/U_CMD6_WR/U_WR_FIFO/SUBCORE_FIFO.xsdbm_v3_0_0_wrfifo_inst/inst_fifo_gen/gconvfifo.rf/grf.rf/rstblk/wr_rst_reg[1]                                                  |                3 |             12 |
|  clk_IBUF_BUFG                          | dbg_hub/inst/BSCANID.u_xsdbm_id/CORE_XSDB.UUT_MASTER/U_XSDB_BUS_CONTROLLER/E[0]                                                                                                                                                     | dbg_hub/inst/BSCANID.u_xsdbm_id/CORE_XSDB.UUT_MASTER/U_ICON_INTERFACE/U_CMD6_RD/U_RD_FIFO/SUBCORE_FIFO.xsdbm_v3_0_0_rdfifo_inst/inst_fifo_gen/gconvfifo.rf/grf.rf/rstblk/wr_rst_reg[1]                                                  |                2 |             12 |
|  clk_IBUF_BUFG                          |                                                                                                                                                                                                                                     | dbg_hub/inst/BSCANID.u_xsdbm_id/CORE_XSDB.UUT_MASTER/U_XSDB_BUS_CONTROLLER/sl_iport0_o[0]                                                                                                                                               |                8 |             13 |
|  dbg_hub/inst/BSCANID.u_xsdbm_id/itck_i | dbg_hub/inst/BSCANID.u_xsdbm_id/SWITCH_N_EXT_BSCAN.bscan_inst/s_bscan_sel                                                                                                                                                           | dbg_hub/inst/BSCANID.u_xsdbm_id/SWITCH_N_EXT_BSCAN.bscan_inst/s_bscan_reset                                                                                                                                                             |                5 |             14 |
|  clk_IBUF_BUFG                          | myila/U0/ila_core_inst/u_ila_regs/reg_19/I_EN_CTL_EQ1.U_CTL/xsdb_reg[15]_i_1_n_0                                                                                                                                                    |                                                                                                                                                                                                                                         |               10 |             16 |
|  clk_IBUF_BUFG                          | myila/U0/ila_core_inst/u_ila_regs/reg_80/I_EN_CTL_EQ1.U_CTL/xsdb_reg[15]_i_1_n_0                                                                                                                                                    |                                                                                                                                                                                                                                         |                7 |             16 |
|  clk_IBUF_BUFG                          | myila/U0/ila_core_inst/u_ila_regs/reg_81/I_EN_CTL_EQ1.U_CTL/xsdb_reg[15]_i_1_n_0                                                                                                                                                    |                                                                                                                                                                                                                                         |                8 |             16 |
|  clk_IBUF_BUFG                          | myila/U0/ila_core_inst/u_ila_regs/U_XSDB_SLAVE/reg_test0                                                                                                                                                                            |                                                                                                                                                                                                                                         |                3 |             16 |
|  clk_IBUF_BUFG                          | myila/U0/ila_core_inst/u_ila_regs/reg_82/I_EN_CTL_EQ1.U_CTL/xsdb_reg[15]_i_1_n_0                                                                                                                                                    |                                                                                                                                                                                                                                         |                5 |             16 |
|  clk_IBUF_BUFG                          | myila/U0/ila_core_inst/xsdb_memory_read_inst/EN_O                                                                                                                                                                                   |                                                                                                                                                                                                                                         |                5 |             16 |
|  clk_IBUF_BUFG                          | myila/U0/ila_core_inst/u_ila_regs/reg_84/I_EN_CTL_EQ1.U_CTL/xsdb_reg[15]_i_1_n_0                                                                                                                                                    |                                                                                                                                                                                                                                         |                7 |             16 |
|  clk_IBUF_BUFG                          | myila/U0/ila_core_inst/u_ila_regs/reg_83/I_EN_CTL_EQ1.U_CTL/xsdb_reg[15]_i_1_n_0                                                                                                                                                    |                                                                                                                                                                                                                                         |                7 |             16 |
|  clk_IBUF_BUFG                          | myila/U0/ila_core_inst/u_ila_regs/reg_16/I_EN_CTL_EQ1.U_CTL/xsdb_reg[15]_i_1_n_0                                                                                                                                                    |                                                                                                                                                                                                                                         |               10 |             16 |
|  clk_IBUF_BUFG                          | myila/U0/ila_core_inst/u_ila_regs/reg_85/I_EN_CTL_EQ1.U_CTL/xsdb_reg[15]_i_1_n_0                                                                                                                                                    |                                                                                                                                                                                                                                         |                5 |             16 |
|  clk_IBUF_BUFG                          | myila/U0/ila_core_inst/u_ila_regs/reg_7/I_EN_CTL_EQ1.U_CTL/xsdb_reg[15]_i_1_n_0                                                                                                                                                     |                                                                                                                                                                                                                                         |                9 |             16 |
|  clk_IBUF_BUFG                          | myila/U0/ila_core_inst/u_ila_regs/reg_18/I_EN_CTL_EQ1.U_CTL/xsdb_reg[15]_i_1_n_0                                                                                                                                                    |                                                                                                                                                                                                                                         |               11 |             16 |
|  clk_IBUF_BUFG                          | myila/U0/ila_core_inst/u_ila_regs/reg_15/I_EN_CTL_EQ1.U_CTL/xsdb_reg[15]_i_1_n_0                                                                                                                                                    |                                                                                                                                                                                                                                         |               10 |             16 |
|  dbg_hub/inst/BSCANID.u_xsdbm_id/itck_i |                                                                                                                                                                                                                                     | dbg_hub/inst/BSCANID.u_xsdbm_id/CORE_XSDB.UUT_MASTER/U_ICON_INTERFACE/U_CMD6_RD/U_RD_FIFO/SUBCORE_FIFO.xsdbm_v3_0_0_rdfifo_inst/inst_fifo_gen/gconvfifo.rf/grf.rf/rstblk/rd_rst_reg[1]                                                  |                3 |             16 |
|  clk_IBUF_BUFG                          | myila/U0/ila_core_inst/u_ila_regs/reg_6/I_EN_CTL_EQ1.U_CTL/xsdb_reg[15]_i_1_n_0                                                                                                                                                     |                                                                                                                                                                                                                                         |                9 |             16 |
|  clk_IBUF_BUFG                          | myila/U0/ila_core_inst/u_ila_regs/reg_stream_ffd/I_EN_CTL_EQ1.U_CTL/xsdb_reg[15]_i_1_n_0                                                                                                                                            |                                                                                                                                                                                                                                         |                5 |             16 |
|  clk_IBUF_BUFG                          |                                                                                                                                                                                                                                     | myila/U0/ila_core_inst/u_ila_regs/slaveRegDo_mux_3[15]_i_1_n_0                                                                                                                                                                          |                6 |             16 |
|  clk_IBUF_BUFG                          |                                                                                                                                                                                                                                     | dbg_hub/inst/BSCANID.u_xsdbm_id/CORE_XSDB.UUT_MASTER/U_ICON_INTERFACE/U_CMD6_WR/U_WR_FIFO/SUBCORE_FIFO.xsdbm_v3_0_0_wrfifo_inst/inst_fifo_gen/gconvfifo.rf/grf.rf/rstblk/rd_rst_reg[1]                                                  |                3 |             16 |
|  clk_IBUF_BUFG                          | dbg_hub/inst/BSCANID.u_xsdbm_id/CORE_XSDB.UUT_MASTER/U_XSDB_BUS_CONTROLLER/gpr1.dout_i_reg[15][0]                                                                                                                                   |                                                                                                                                                                                                                                         |                4 |             16 |
|  clk_IBUF_BUFG                          | myila/U0/ila_core_inst/u_ila_regs/reg_1a/I_EN_CTL_EQ1.U_CTL/xsdb_reg[15]_i_1_n_0                                                                                                                                                    |                                                                                                                                                                                                                                         |                9 |             16 |
|  dbg_hub/inst/BSCANID.u_xsdbm_id/itck_i | dbg_hub/inst/BSCANID.u_xsdbm_id/CORE_XSDB.UUT_MASTER/U_ICON_INTERFACE/U_CMD5/E[0]                                                                                                                                                   | dbg_hub/inst/BSCANID.u_xsdbm_id/CORE_XSDB.UUT_MASTER/U_ICON_INTERFACE/rddata_rst                                                                                                                                                        |                4 |             16 |
|  dbg_hub/inst/BSCANID.u_xsdbm_id/itck_i | dbg_hub/inst/BSCANID.u_xsdbm_id/CORE_XSDB.UUT_MASTER/U_ICON_INTERFACE/U_CMD5/shift_reg_in_reg[15]_0[0]                                                                                                                              | dbg_hub/inst/BSCANID.u_xsdbm_id/CORE_XSDB.UUT_MASTER/U_ICON_INTERFACE/wrdata_rst                                                                                                                                                        |                4 |             16 |
|  dbg_hub/inst/BSCANID.u_xsdbm_id/itck_i | dbg_hub/inst/BSCANID.u_xsdbm_id/CORE_XSDB.UUT_MASTER/U_ICON_INTERFACE/U_CMD6_RD/U_RD_FIFO/SUBCORE_FIFO.xsdbm_v3_0_0_rdfifo_inst/inst_fifo_gen/gconvfifo.rf/grf.rf/gntv_or_sync_fifo.gl0.rd/gr1.gr1_int.rfwft/E[0]                   |                                                                                                                                                                                                                                         |                4 |             16 |
|  dbg_hub/inst/BSCANID.u_xsdbm_id/itck_i | dbg_hub/inst/BSCANID.u_xsdbm_id/CORE_XSDB.UUT_MASTER/U_ICON_INTERFACE/U_CMD6_RD/U_RD_FIFO/SUBCORE_FIFO.xsdbm_v3_0_0_rdfifo_inst/inst_fifo_gen/gconvfifo.rf/grf.rf/gntv_or_sync_fifo.gl0.rd/gr1.gr1_int.rfwft/gc0.count_d1_reg[3][0] |                                                                                                                                                                                                                                         |                3 |             16 |
|  clk_IBUF_BUFG                          | myila/U0/ila_core_inst/u_ila_regs/reg_17/I_EN_CTL_EQ1.U_CTL/xsdb_reg[15]_i_1_n_0                                                                                                                                                    |                                                                                                                                                                                                                                         |               11 |             16 |
|  clk_IBUF_BUFG                          | dbg_hub/inst/BSCANID.u_xsdbm_id/CORE_XSDB.UUT_MASTER/U_XSDB_BUS_CONTROLLER/burst_wd_reg[16]                                                                                                                                         | dbg_hub/inst/BSCANID.u_xsdbm_id/CORE_XSDB.UUT_MASTER/U_ICON_INTERFACE/U_CMD1/ctl_reg[0]                                                                                                                                                 |                5 |             17 |
|  clk_IBUF_BUFG                          | dbg_hub/inst/BSCANID.u_xsdbm_id/CORE_XSDB.UUT_MASTER/U_XSDB_BUS_CONTROLLER/addr_reg[0]                                                                                                                                              | dbg_hub/inst/BSCANID.u_xsdbm_id/CORE_XSDB.UUT_MASTER/U_ICON_INTERFACE/U_CMD1/ctl_reg[0]                                                                                                                                                 |                5 |             17 |
|  clk_IBUF_BUFG                          |                                                                                                                                                                                                                                     | dbg_hub/inst/BSCANID.u_xsdbm_id/CORE_XSDB.UUT_MASTER/U_ICON_INTERFACE/U_CMD6_RD/U_RD_FIFO/SUBCORE_FIFO.xsdbm_v3_0_0_rdfifo_inst/inst_fifo_gen/gconvfifo.rf/grf.rf/rstblk/wr_rst_reg[0]                                                  |                5 |             18 |
|  clk_IBUF_BUFG                          | dbg_hub/inst/BSCANID.u_xsdbm_id/CORE_XSDB.UUT_MASTER/U_ICON_INTERFACE/U_CMD5/ctl_reg[17]_i_1_n_0                                                                                                                                    | dbg_hub/inst/BSCANID.u_xsdbm_id/CORE_XSDB.UUT_MASTER/U_ICON_INTERFACE/U_CMD1/ctl_reg[0]                                                                                                                                                 |                4 |             18 |
|  dbg_hub/inst/BSCANID.u_xsdbm_id/itck_i | dbg_hub/inst/BSCANID.u_xsdbm_id/CORE_XSDB.UUT_MASTER/U_ICON_INTERFACE/U_CMD5/icn_cmd_en_temp                                                                                                                                        | dbg_hub/inst/BSCANID.u_xsdbm_id/CORE_XSDB.UUT_MASTER/U_ICON_INTERFACE/U_CMD1/ctl_reg[0]                                                                                                                                                 |                3 |             18 |
|  dbg_hub/inst/BSCANID.u_xsdbm_id/itck_i |                                                                                                                                                                                                                                     | dbg_hub/inst/BSCANID.u_xsdbm_id/CORE_XSDB.UUT_MASTER/U_ICON_INTERFACE/U_CMD6_WR/U_WR_FIFO/SUBCORE_FIFO.xsdbm_v3_0_0_wrfifo_inst/inst_fifo_gen/gconvfifo.rf/grf.rf/rstblk/wr_rst_reg[0]                                                  |                4 |             18 |
|  clk_IBUF_BUFG                          | dbg_hub/inst/BSCANID.u_xsdbm_id/CORE_XSDB.UUT_MASTER/U_XSDB_BUS_CONTROLLER/E[0]                                                                                                                                                     |                                                                                                                                                                                                                                         |                3 |             24 |
|  dbg_hub/inst/BSCANID.u_xsdbm_id/itck_i | dbg_hub/inst/BSCANID.u_xsdbm_id/CORE_XSDB.UUT_MASTER/U_ICON_INTERFACE/U_CMD6_WR/U_WR_FIFO/SUBCORE_FIFO.xsdbm_v3_0_0_wrfifo_inst/inst_fifo_gen/gconvfifo.rf/grf.rf/gntv_or_sync_fifo.gl0.wr/gwas.wsts/E[0]                           |                                                                                                                                                                                                                                         |                3 |             24 |
|  clk_IBUF_BUFG                          | myila/U0/ila_core_inst/u_ila_regs/MU_SRL[3].mu_srl_reg/shift_en_o                                                                                                                                                                   |                                                                                                                                                                                                                                         |                9 |             25 |
|  clk_IBUF_BUFG                          | myila/U0/ila_core_inst/u_ila_regs/MU_SRL[0].mu_srl_reg/shift_en_o                                                                                                                                                                   |                                                                                                                                                                                                                                         |                9 |             25 |
|  clk_IBUF_BUFG                          | myila/U0/ila_core_inst/u_ila_regs/MU_SRL[1].mu_srl_reg/shift_en_o                                                                                                                                                                   |                                                                                                                                                                                                                                         |                8 |             25 |
|  clk_IBUF_BUFG                          | myila/U0/ila_core_inst/u_ila_regs/MU_SRL[4].mu_srl_reg/shift_en_o                                                                                                                                                                   |                                                                                                                                                                                                                                         |                6 |             25 |
|  clk_IBUF_BUFG                          | myila/U0/ila_core_inst/u_ila_regs/TC_SRL[0].tc_srl_reg/shift_en_o                                                                                                                                                                   |                                                                                                                                                                                                                                         |               10 |             25 |
|  clk_IBUF_BUFG                          |                                                                                                                                                                                                                                     | dbg_hub/inst/BSCANID.u_xsdbm_id/CORE_XSDB.UUT_MASTER/U_ICON_INTERFACE/U_CMD1/ctl_reg[0]                                                                                                                                                 |               10 |             27 |
|  clk_IBUF_BUFG                          | dbg_hub/inst/BSCANID.u_xsdbm_id/CORE_XSDB.UUT_MASTER/U_ICON_INTERFACE/U_CMD4/ctl_reg[27]_i_1_n_0                                                                                                                                    | dbg_hub/inst/BSCANID.u_xsdbm_id/CORE_XSDB.UUT_MASTER/U_ICON_INTERFACE/U_CMD1/ctl_reg[0]                                                                                                                                                 |                6 |             28 |
|  dbg_hub/inst/BSCANID.u_xsdbm_id/itck_i | dbg_hub/inst/BSCANID.u_xsdbm_id/CORE_XSDB.UUT_MASTER/U_ICON_INTERFACE/U_CMD4/icn_cmd_en_temp                                                                                                                                        | dbg_hub/inst/BSCANID.u_xsdbm_id/CORE_XSDB.UUT_MASTER/U_ICON_INTERFACE/U_CMD1/ctl_reg[0]                                                                                                                                                 |                4 |             28 |
|  dbg_hub/inst/BSCANID.u_xsdbm_id/itck_i |                                                                                                                                                                                                                                     | dbg_hub/inst/BSCANID.u_xsdbm_id/SWITCH_N_EXT_BSCAN.bscanid[31]_i_1_n_0                                                                                                                                                                  |                5 |             32 |
|  dbg_hub/inst/BSCANID.u_xsdbm_id/itck_i |                                                                                                                                                                                                                                     | dbg_hub/inst/BSCANID.u_xsdbm_id/SWITCH_N_EXT_BSCAN.bscan_switch/shiftreg[31]_i_1_n_0                                                                                                                                                    |               12 |             32 |
|  clk_IBUF_BUFG                          |                                                                                                                                                                                                                                     | pwm_count_reg[0]_i_1_n_7                                                                                                                                                                                                                |                8 |             32 |
|  dbg_hub/inst/BSCANID.u_xsdbm_id/itck_i | dbg_hub/inst/BSCANID.u_xsdbm_id/SWITCH_N_EXT_BSCAN.bscan_switch/temp_curid[31]_i_2_n_0                                                                                                                                              | dbg_hub/inst/BSCANID.u_xsdbm_id/SWITCH_N_EXT_BSCAN.bscan_switch/temp_curid[31]_i_1_n_0                                                                                                                                                  |                7 |             32 |
|  clk_IBUF_BUFG                          | myila/U0/ila_core_inst/u_ila_regs/MU_SRL[2].mu_srl_reg/shift_en_o                                                                                                                                                                   |                                                                                                                                                                                                                                         |               11 |             33 |
|  clk_IBUF_BUFG                          | myila/U0/ila_core_inst/u_ila_regs/U_XSDB_SLAVE/s_den_o                                                                                                                                                                              |                                                                                                                                                                                                                                         |               14 |             33 |
|  clk_IBUF_BUFG                          |                                                                                                                                                                                                                                     | myila/U0/ila_core_inst/u_ila_reset_ctrl/RESET_O[0]                                                                                                                                                                                      |               11 |             36 |
|  dbg_hub/inst/BSCANID.u_xsdbm_id/itck_i |                                                                                                                                                                                                                                     |                                                                                                                                                                                                                                         |               23 |             65 |
|  clk_IBUF_BUFG                          | myila/U0/ila_core_inst/u_ila_regs/reg_srl_fff/shift_en_o                                                                                                                                                                            |                                                                                                                                                                                                                                         |               31 |            103 |
|  clk_IBUF_BUFG                          |                                                                                                                                                                                                                                     |                                                                                                                                                                                                                                         |              185 |            634 |
+-----------------------------------------+-------------------------------------------------------------------------------------------------------------------------------------------------------------------------------------------------------------------------------------+-----------------------------------------------------------------------------------------------------------------------------------------------------------------------------------------------------------------------------------------+------------------+----------------+


+--------+-----------------------+
| Fanout | Number of ControlSets |
+--------+-----------------------+
| 1      |                    11 |
| 2      |                     9 |
| 3      |                     9 |
| 4      |                    14 |
| 6      |                     2 |
| 7      |                     5 |
| 8      |                     9 |
| 10     |                     6 |
| 11     |                     2 |
| 12     |                     2 |
| 13     |                     1 |
| 14     |                     1 |
| 16+    |                    51 |
+--------+-----------------------+


